******************************************************************************
                  TI ARM Linker PC v20.2.5                     
******************************************************************************
>> Linked Wed May 26 23:37:17 2021

OUTPUT FILE NAME:   <Proyecto4_Cami.out>
ENTRY POINT SYMBOL: "_c_int00_noargs"  address: 00000be5


MEMORY CONFIGURATION

         name            origin    length      used     unused   attr    fill
----------------------  --------  ---------  --------  --------  ----  --------
  FLASH                 00000000   00040000  00000e48  0003f1b8  R  X
  SRAM                  20000000   00008000  00000248  00007db8  RW X


SEGMENT ALLOCATION MAP

run origin  load origin   length   init length attrs members
----------  ----------- ---------- ----------- ----- -------
00000000    00000000    00000e48   00000e48    r-x
  00000000    00000000    0000026c   0000026c    r-- .intvecs
  0000026c    0000026c    00000a98   00000a98    r-x .text
  00000d04    00000d04    000000fc   000000fc    r-- .const
  00000e00    00000e00    00000048   00000048    r-- .cinit
20000000    20000000    00000248   00000000    rw-
  20000000    20000000    00000200   00000000    rw- .stack
  20000200    20000200    00000040   00000000    rw- .data
  20000240    20000240    00000008   00000000    rw- .bss


SECTION ALLOCATION MAP

 output                                  attributes/
section   page    origin      length       input sections
--------  ----  ----------  ----------   ----------------
.intvecs   0    00000000    0000026c     
                  00000000    0000026c     tm4c123gh6pm_startup_ccs.obj (.intvecs)

.text      0    0000026c    00000a98     
                  0000026c    00000434     main.obj (.text)
                  000006a0    00000132     driverlib.lib : gpio.obj (.text:GPIOPadConfigSet)
                  000007d2    00000002     --HOLE-- [fill = 0]
                  000007d4    00000110                   : sysctl.obj (.text:SysCtlClockGet)
                  000008e4    000000f4                   : sysctl.obj (.text:SysCtlClockSet)
                  000009d8    0000009c     rtsv7M4_T_le_v4SPD16_eabi.lib : memcpy_t2.asm.obj (.text)
                  00000a74    00000068                                   : copy_decompress_lzss.c.obj (.text:decompress:lzss:__TI_decompress_lzss)
                  00000adc    00000048     driverlib.lib : gpio.obj (.text:GPIOPinConfigure)
                  00000b24    00000046                   : uart.obj (.text:UARTConfigSetExpClk)
                  00000b6a    00000002     --HOLE-- [fill = 0]
                  00000b6c    00000044     rtsv7M4_T_le_v4SPD16_eabi.lib : autoinit.c.obj (.text:__TI_auto_init_nobinit_nopinit:__TI_auto_init_nobinit_nopinit)
                  00000bb0    00000034     driverlib.lib : sysctl.obj (.text:SysCtlPeripheralEnable)
                  00000be4    00000034     rtsv7M4_T_le_v4SPD16_eabi.lib : boot_cortex_m.c.obj (.text:_c_int00_noargs:_c_int00_noargs)
                  00000c18    0000002a     driverlib.lib : gpio.obj (.text:GPIODirModeSet)
                  00000c42    00000002     --HOLE-- [fill = 0]
                  00000c44    00000020                   : uart.obj (.text:UARTDisable)
                  00000c64    0000001c     rtsv7M4_T_le_v4SPD16_eabi.lib : copy_zero_init.c.obj (.text:decompress:ZI:__TI_zero_init_nomemset:__TI_zero_init_nomemset)
                  00000c80    00000018     driverlib.lib : gpio.obj (.text:GPIOPinTypeGPIOOutput)
                  00000c98    00000014                   : uart.obj (.text:UARTEnable)
                  00000cac    00000012                   : gpio.obj (.text:GPIOPinTypeGPIOInput)
                  00000cbe    00000012                   : gpio.obj (.text:GPIOPinTypeUART)
                  00000cd0    0000000e     rtsv7M4_T_le_v4SPD16_eabi.lib : copy_decompress_none.c.obj (.text:decompress:none:__TI_decompress_none)
                  00000cde    0000000c     tm4c123gh6pm_startup_ccs.obj (.text)
                  00000cea    00000006     driverlib.lib : gpio.obj (.text:GPIOPinRead)
                  00000cf0    00000006                   : gpio.obj (.text:GPIOPinWrite)
                  00000cf6    00000006                   : sysctl.obj (.text:SysCtlDelay)
                  00000cfc    00000004     rtsv7M4_T_le_v4SPD16_eabi.lib : pre_init.c.obj (.text:_system_pre_init)
                  00000d00    00000004                                   : exit.c.obj (.text:abort:abort)

.const     0    00000d04    000000fc     
                  00000d04    00000090     driverlib.lib : gpio.obj (.const:g_pui32GPIOBaseAddrs)
                  00000d94    0000006c                   : sysctl.obj (.const:g_pui32Xtals)

.cinit     0    00000e00    00000048     
                  00000e00    00000021     (.cinit..data.load) [load image, compression = lzss]
                  00000e21    00000003     --HOLE-- [fill = 0]
                  00000e24    0000000c     (__TI_handler_table)
                  00000e30    00000008     (.cinit..bss.load) [load image, compression = zero_init]
                  00000e38    00000010     (__TI_cinit_table)

.init_array 
*          0    00000000    00000000     UNINITIALIZED

.data      0    20000200    00000040     UNINITIALIZED
                  20000200    00000010     main.obj (.data:pushP)
                  20000210    00000010     main.obj (.data:pushV)
                  20000220    00000010     main.obj (.data:state)
                  20000230    00000010     main.obj (.data:stateantes)

.bss       0    20000240    00000008     UNINITIALIZED
                  20000240    00000004     (.common:contador)
                  20000244    00000004     (.common:parqueo)

.stack     0    20000000    00000200     UNINITIALIZED
                  20000000    00000004     rtsv7M4_T_le_v4SPD16_eabi.lib : boot_cortex_m.c.obj (.stack)
                  20000004    000001fc     --HOLE--

__llvm_prf_cnts 
*          0    20000000    00000000     UNINITIALIZED

MODULE SUMMARY

       Module                         code   ro data   rw data
       ------                         ----   -------   -------
    .\
       main.obj                       1076   0         72     
       tm4c123gh6pm_startup_ccs.obj   12     620       0      
    +--+------------------------------+------+---------+---------+
       Total:                         1088   620       72     
                                                              
    C:/ti/TivaWare_C_Series-2.1.4.178/driverlib/ccs/Debug/driverlib.lib
       sysctl.obj                     574    108       0      
       gpio.obj                       492    144       0      
       uart.obj                       122    0         0      
    +--+------------------------------+------+---------+---------+
       Total:                         1188   252       0      
                                                              
    C:\ti\ccs1031\ccs\tools\compiler\ti-cgt-arm_20.2.5.LTS\lib\rtsv7M4_T_le_v4SPD16_eabi.lib
       memcpy_t2.asm.obj              156    0         0      
       copy_decompress_lzss.c.obj     104    0         0      
       autoinit.c.obj                 68     0         0      
       boot_cortex_m.c.obj            52     0         0      
       copy_zero_init.c.obj           28     0         0      
       copy_decompress_none.c.obj     14     0         0      
       exit.c.obj                     4      0         0      
       pre_init.c.obj                 4      0         0      
    +--+------------------------------+------+---------+---------+
       Total:                         430    0         0      
                                                              
       Stack:                         0      0         512    
       Linker Generated:              0      69        0      
    +--+------------------------------+------+---------+---------+
       Grand Total:                   2706   941       584    


LINKER GENERATED COPY TABLES

__TI_cinit_table @ 00000e38 records: 2, size/record: 8, table size: 16
	.data: load addr=00000e00, load size=00000021 bytes, run addr=20000200, run size=00000040 bytes, compression=lzss
	.bss: load addr=00000e30, load size=00000008 bytes, run addr=20000240, run size=00000008 bytes, compression=zero_init


LINKER GENERATED HANDLER TABLE

__TI_handler_table @ 00000e24 records: 3, size/record: 4, table size: 12
	index: 0, handler: __TI_decompress_lzss
	index: 1, handler: __TI_decompress_none
	index: 2, handler: __TI_zero_init


GLOBAL SYMBOLS: SORTED ALPHABETICALLY BY Name 

address   name                          
-------   ----                          
00000d01  C$$EXIT                       
00000599  Display                       
00000c19  GPIODirModeSet                
000006a1  GPIOPadConfigSet              
00000add  GPIOPinConfigure              
00000ceb  GPIOPinRead                   
00000cad  GPIOPinTypeGPIOInput          
00000c81  GPIOPinTypeGPIOOutput         
00000cbf  GPIOPinTypeUART               
00000cf1  GPIOPinWrite                  
00000447  Parqueos                      
00000cdf  ResetISR                      
000007d5  SysCtlClockGet                
000008e5  SysCtlClockSet                
00000cf7  SysCtlDelay                   
00000bb1  SysCtlPeripheralEnable        
00000b25  UARTConfigSetExpClk           
00000c45  UARTDisable                   
00000c99  UARTEnable                    
0000041b  UART_Config                   
20000200  __STACK_END                   
00000200  __STACK_SIZE                  
20000200  __STACK_TOP                   
00000e38  __TI_CINIT_Base               
00000e48  __TI_CINIT_Limit              
00000e24  __TI_Handler_Table_Base       
00000e30  __TI_Handler_Table_Limit      
00000b6d  __TI_auto_init_nobinit_nopinit
00000a75  __TI_decompress_lzss          
00000cd1  __TI_decompress_none          
ffffffff  __TI_pprof_out_hndl           
ffffffff  __TI_prof_data_size           
ffffffff  __TI_prof_data_start          
00000000  __TI_static_base__            
00000c65  __TI_zero_init_nomemset       
000009d9  __aeabi_memcpy                
000009d9  __aeabi_memcpy4               
000009d9  __aeabi_memcpy8               
ffffffff  __binit__                     
ffffffff  __c_args__                    
UNDEFED   __mpu_init                    
20000000  __stack                       
20000000  __start___llvm_prf_cnts       
20000000  __stop___llvm_prf_cnts        
00000be5  _c_int00_noargs               
UNDEFED   _system_post_cinit            
00000cfd  _system_pre_init              
00000d01  abort                         
ffffffff  binit                         
20000240  contador                      
00000000  g_pfnVectors                  
0000026d  main                          
000009d9  memcpy                        
20000244  parqueo                       
20000200  pushP                         
20000210  pushV                         
20000220  state                         
20000230  stateantes                    


GLOBAL SYMBOLS: SORTED BY Symbol Address 

address   name                          
-------   ----                          
00000000  __TI_static_base__            
00000000  g_pfnVectors                  
00000200  __STACK_SIZE                  
0000026d  main                          
0000041b  UART_Config                   
00000447  Parqueos                      
00000599  Display                       
000006a1  GPIOPadConfigSet              
000007d5  SysCtlClockGet                
000008e5  SysCtlClockSet                
000009d9  __aeabi_memcpy                
000009d9  __aeabi_memcpy4               
000009d9  __aeabi_memcpy8               
000009d9  memcpy                        
00000a75  __TI_decompress_lzss          
00000add  GPIOPinConfigure              
00000b25  UARTConfigSetExpClk           
00000b6d  __TI_auto_init_nobinit_nopinit
00000bb1  SysCtlPeripheralEnable        
00000be5  _c_int00_noargs               
00000c19  GPIODirModeSet                
00000c45  UARTDisable                   
00000c65  __TI_zero_init_nomemset       
00000c81  GPIOPinTypeGPIOOutput         
00000c99  UARTEnable                    
00000cad  GPIOPinTypeGPIOInput          
00000cbf  GPIOPinTypeUART               
00000cd1  __TI_decompress_none          
00000cdf  ResetISR                      
00000ceb  GPIOPinRead                   
00000cf1  GPIOPinWrite                  
00000cf7  SysCtlDelay                   
00000cfd  _system_pre_init              
00000d01  C$$EXIT                       
00000d01  abort                         
00000e24  __TI_Handler_Table_Base       
00000e30  __TI_Handler_Table_Limit      
00000e38  __TI_CINIT_Base               
00000e48  __TI_CINIT_Limit              
20000000  __stack                       
20000000  __start___llvm_prf_cnts       
20000000  __stop___llvm_prf_cnts        
20000200  __STACK_END                   
20000200  __STACK_TOP                   
20000200  pushP                         
20000210  pushV                         
20000220  state                         
20000230  stateantes                    
20000240  contador                      
20000244  parqueo                       
ffffffff  __TI_pprof_out_hndl           
ffffffff  __TI_prof_data_size           
ffffffff  __TI_prof_data_start          
ffffffff  __binit__                     
ffffffff  __c_args__                    
ffffffff  binit                         
UNDEFED   __mpu_init                    
UNDEFED   _system_post_cinit            

[58 symbols]
