******************************************************************************
                  TI ARM Linker PC v20.2.5                     
******************************************************************************
>> Linked Fri May 28 13:31:55 2021

OUTPUT FILE NAME:   <Proyecto4_Cami.out>
ENTRY POINT SYMBOL: "_c_int00_noargs"  address: 00000c29


MEMORY CONFIGURATION

         name            origin    length      used     unused   attr    fill
----------------------  --------  ---------  --------  --------  ----  --------
  FLASH                 00000000   00040000  00000e96  0003f16a  R  X
  SRAM                  20000000   00008000  00000248  00007db8  RW X


SEGMENT ALLOCATION MAP

run origin  load origin   length   init length attrs members
----------  ----------- ---------- ----------- ----- -------
00000000    00000000    00000e98   00000e98    r-x
  00000000    00000000    0000026c   0000026c    r-- .intvecs
  0000026c    0000026c    00000ae6   00000ae6    r-x .text
  00000d54    00000d54    000000fc   000000fc    r-- .const
  00000e50    00000e50    00000048   00000048    r-- .cinit
20000000    20000000    00000248   00000000    rw-
  20000000    20000000    00000200   00000000    rw- .stack
  20000200    20000200    00000040   00000000    rw- .data
  20000240    20000240    00000008   00000000    rw- .bss


SECTION ALLOCATION MAP

 output                                  attributes/
section   page    origin      length       input sections
--------  ----  ----------  ----------   ----------------
.intvecs   0    00000000    0000026c     
                  00000000    0000026c     tm4c123gh6pm_startup_ccs.obj (.intvecs)

.text      0    0000026c    00000ae6     
                  0000026c    00000478     main.obj (.text)
                  000006e4    00000132     driverlib.lib : gpio.obj (.text:GPIOPadConfigSet)
                  00000816    00000002     --HOLE-- [fill = 0]
                  00000818    00000110                   : sysctl.obj (.text:SysCtlClockGet)
                  00000928    000000f4                   : sysctl.obj (.text:SysCtlClockSet)
                  00000a1c    0000009c     rtsv7M4_T_le_v4SPD16_eabi.lib : memcpy_t2.asm.obj (.text)
                  00000ab8    00000068                                   : copy_decompress_lzss.c.obj (.text:decompress:lzss:__TI_decompress_lzss)
                  00000b20    00000048     driverlib.lib : gpio.obj (.text:GPIOPinConfigure)
                  00000b68    00000046                   : uart.obj (.text:UARTConfigSetExpClk)
                  00000bae    00000002     --HOLE-- [fill = 0]
                  00000bb0    00000044     rtsv7M4_T_le_v4SPD16_eabi.lib : autoinit.c.obj (.text:__TI_auto_init_nobinit_nopinit:__TI_auto_init_nobinit_nopinit)
                  00000bf4    00000034     driverlib.lib : sysctl.obj (.text:SysCtlPeripheralEnable)
                  00000c28    00000034     rtsv7M4_T_le_v4SPD16_eabi.lib : boot_cortex_m.c.obj (.text:_c_int00_noargs:_c_int00_noargs)
                  00000c5c    0000002a     driverlib.lib : gpio.obj (.text:GPIODirModeSet)
                  00000c86    00000002     --HOLE-- [fill = 0]
                  00000c88    00000020                   : uart.obj (.text:UARTDisable)
                  00000ca8    0000001c     rtsv7M4_T_le_v4SPD16_eabi.lib : copy_zero_init.c.obj (.text:decompress:ZI:__TI_zero_init_nomemset:__TI_zero_init_nomemset)
                  00000cc4    00000018     driverlib.lib : gpio.obj (.text:GPIOPinTypeGPIOOutput)
                  00000cdc    00000014                   : uart.obj (.text:UARTEnable)
                  00000cf0    00000012                   : gpio.obj (.text:GPIOPinTypeGPIOInput)
                  00000d02    00000012                   : gpio.obj (.text:GPIOPinTypeUART)
                  00000d14    0000000e     rtsv7M4_T_le_v4SPD16_eabi.lib : copy_decompress_none.c.obj (.text:decompress:none:__TI_decompress_none)
                  00000d22    0000000c     tm4c123gh6pm_startup_ccs.obj (.text)
                  00000d2e    0000000a     driverlib.lib : uart.obj (.text:UARTCharPut)
                  00000d38    00000006                   : gpio.obj (.text:GPIOPinRead)
                  00000d3e    00000006                   : gpio.obj (.text:GPIOPinWrite)
                  00000d44    00000006                   : sysctl.obj (.text:SysCtlDelay)
                  00000d4a    00000004     rtsv7M4_T_le_v4SPD16_eabi.lib : pre_init.c.obj (.text:_system_pre_init)
                  00000d4e    00000004                                   : exit.c.obj (.text:abort:abort)

.const     0    00000d54    000000fc     
                  00000d54    00000090     driverlib.lib : gpio.obj (.const:g_pui32GPIOBaseAddrs)
                  00000de4    0000006c                   : sysctl.obj (.const:g_pui32Xtals)

.cinit     0    00000e50    00000048     
                  00000e50    00000021     (.cinit..data.load) [load image, compression = lzss]
                  00000e71    00000003     --HOLE-- [fill = 0]
                  00000e74    0000000c     (__TI_handler_table)
                  00000e80    00000008     (.cinit..bss.load) [load image, compression = zero_init]
                  00000e88    00000010     (__TI_cinit_table)

.init_array 
*          0    00000000    00000000     UNINITIALIZED

.data      0    20000200    00000040     UNINITIALIZED
                  20000200    00000010     main.obj (.data:pushP)
                  20000210    00000010     main.obj (.data:pushV)
                  20000220    00000010     main.obj (.data:state)
                  20000230    00000010     main.obj (.data:stateantes)

.bss       0    20000240    00000008     UNINITIALIZED
                  20000240    00000004     (.common:parqueo)
                  20000244    00000004     (.common:suma)

.stack     0    20000000    00000200     UNINITIALIZED
                  20000000    00000004     rtsv7M4_T_le_v4SPD16_eabi.lib : boot_cortex_m.c.obj (.stack)
                  20000004    000001fc     --HOLE--

__llvm_prf_cnts 
*          0    20000000    00000000     UNINITIALIZED

MODULE SUMMARY

       Module                         code   ro data   rw data
       ------                         ----   -------   -------
    .\
       main.obj                       1144   0         72     
       tm4c123gh6pm_startup_ccs.obj   12     620       0      
    +--+------------------------------+------+---------+---------+
       Total:                         1156   620       72     
                                                              
    C:/ti/TivaWare_C_Series-2.1.4.178/driverlib/ccs/Debug/driverlib.lib
       sysctl.obj                     574    108       0      
       gpio.obj                       492    144       0      
       uart.obj                       132    0         0      
    +--+------------------------------+------+---------+---------+
       Total:                         1198   252       0      
                                                              
    C:\ti\ccs1031\ccs\tools\compiler\ti-cgt-arm_20.2.5.LTS\lib\rtsv7M4_T_le_v4SPD16_eabi.lib
       memcpy_t2.asm.obj              156    0         0      
       copy_decompress_lzss.c.obj     104    0         0      
       autoinit.c.obj                 68     0         0      
       boot_cortex_m.c.obj            52     0         0      
       copy_zero_init.c.obj           28     0         0      
       copy_decompress_none.c.obj     14     0         0      
       exit.c.obj                     4      0         0      
       pre_init.c.obj                 4      0         0      
    +--+------------------------------+------+---------+---------+
       Total:                         430    0         0      
                                                              
       Stack:                         0      0         512    
       Linker Generated:              0      69        0      
    +--+------------------------------+------+---------+---------+
       Grand Total:                   2784   941       584    


LINKER GENERATED COPY TABLES

__TI_cinit_table @ 00000e88 records: 2, size/record: 8, table size: 16
	.data: load addr=00000e50, load size=00000021 bytes, run addr=20000200, run size=00000040 bytes, compression=lzss
	.bss: load addr=00000e80, load size=00000008 bytes, run addr=20000240, run size=00000008 bytes, compression=zero_init


LINKER GENERATED HANDLER TABLE

__TI_handler_table @ 00000e74 records: 3, size/record: 4, table size: 12
	index: 0, handler: __TI_decompress_lzss
	index: 1, handler: __TI_decompress_none
	index: 2, handler: __TI_zero_init


GLOBAL SYMBOLS: SORTED ALPHABETICALLY BY Name 

address   name                          
-------   ----                          
00000d4f  C$$EXIT                       
000005a5  Display                       
00000c5d  GPIODirModeSet                
000006e5  GPIOPadConfigSet              
00000b21  GPIOPinConfigure              
00000d39  GPIOPinRead                   
00000cf1  GPIOPinTypeGPIOInput          
00000cc5  GPIOPinTypeGPIOOutput         
00000d03  GPIOPinTypeUART               
00000d3f  GPIOPinWrite                  
00000433  Parqueos                      
00000d23  ResetISR                      
00000819  SysCtlClockGet                
00000929  SysCtlClockSet                
00000d45  SysCtlDelay                   
00000bf5  SysCtlPeripheralEnable        
00000d2f  UARTCharPut                   
00000b69  UARTConfigSetExpClk           
00000c89  UARTDisable                   
00000cdd  UARTEnable                    
000003fd  UART_Config                   
20000200  __STACK_END                   
00000200  __STACK_SIZE                  
20000200  __STACK_TOP                   
00000e88  __TI_CINIT_Base               
00000e98  __TI_CINIT_Limit              
00000e74  __TI_Handler_Table_Base       
00000e80  __TI_Handler_Table_Limit      
00000bb1  __TI_auto_init_nobinit_nopinit
00000ab9  __TI_decompress_lzss          
00000d15  __TI_decompress_none          
ffffffff  __TI_pprof_out_hndl           
ffffffff  __TI_prof_data_size           
ffffffff  __TI_prof_data_start          
00000000  __TI_static_base__            
00000ca9  __TI_zero_init_nomemset       
00000a1d  __aeabi_memcpy                
00000a1d  __aeabi_memcpy4               
00000a1d  __aeabi_memcpy8               
ffffffff  __binit__                     
ffffffff  __c_args__                    
UNDEFED   __mpu_init                    
20000000  __stack                       
20000000  __start___llvm_prf_cnts       
20000000  __stop___llvm_prf_cnts        
00000c29  _c_int00_noargs               
UNDEFED   _system_post_cinit            
00000d4b  _system_pre_init              
00000d4f  abort                         
ffffffff  binit                         
00000000  g_pfnVectors                  
0000026d  main                          
00000a1d  memcpy                        
20000240  parqueo                       
20000200  pushP                         
20000210  pushV                         
20000220  state                         
20000230  stateantes                    
20000244  suma                          


GLOBAL SYMBOLS: SORTED BY Symbol Address 

address   name                          
-------   ----                          
00000000  __TI_static_base__            
00000000  g_pfnVectors                  
00000200  __STACK_SIZE                  
0000026d  main                          
000003fd  UART_Config                   
00000433  Parqueos                      
000005a5  Display                       
000006e5  GPIOPadConfigSet              
00000819  SysCtlClockGet                
00000929  SysCtlClockSet                
00000a1d  __aeabi_memcpy                
00000a1d  __aeabi_memcpy4               
00000a1d  __aeabi_memcpy8               
00000a1d  memcpy                        
00000ab9  __TI_decompress_lzss          
00000b21  GPIOPinConfigure              
00000b69  UARTConfigSetExpClk           
00000bb1  __TI_auto_init_nobinit_nopinit
00000bf5  SysCtlPeripheralEnable        
00000c29  _c_int00_noargs               
00000c5d  GPIODirModeSet                
00000c89  UARTDisable                   
00000ca9  __TI_zero_init_nomemset       
00000cc5  GPIOPinTypeGPIOOutput         
00000cdd  UARTEnable                    
00000cf1  GPIOPinTypeGPIOInput          
00000d03  GPIOPinTypeUART               
00000d15  __TI_decompress_none          
00000d23  ResetISR                      
00000d2f  UARTCharPut                   
00000d39  GPIOPinRead                   
00000d3f  GPIOPinWrite                  
00000d45  SysCtlDelay                   
00000d4b  _system_pre_init              
00000d4f  C$$EXIT                       
00000d4f  abort                         
00000e74  __TI_Handler_Table_Base       
00000e80  __TI_Handler_Table_Limit      
00000e88  __TI_CINIT_Base               
00000e98  __TI_CINIT_Limit              
20000000  __stack                       
20000000  __start___llvm_prf_cnts       
20000000  __stop___llvm_prf_cnts        
20000200  __STACK_END                   
20000200  __STACK_TOP                   
20000200  pushP                         
20000210  pushV                         
20000220  state                         
20000230  stateantes                    
20000240  parqueo                       
20000244  suma                          
ffffffff  __TI_pprof_out_hndl           
ffffffff  __TI_prof_data_size           
ffffffff  __TI_prof_data_start          
ffffffff  __binit__                     
ffffffff  __c_args__                    
ffffffff  binit                         
UNDEFED   __mpu_init                    
UNDEFED   _system_post_cinit            

[59 symbols]
