******************************************************************************
                  TI ARM Linker PC v20.2.5                     
******************************************************************************
>> Linked Fri May 28 23:08:55 2021

OUTPUT FILE NAME:   <Proyecto4_Cami.out>
ENTRY POINT SYMBOL: "_c_int00_noargs"  address: 00000c35


MEMORY CONFIGURATION

         name            origin    length      used     unused   attr    fill
----------------------  --------  ---------  --------  --------  ----  --------
  FLASH                 00000000   00040000  00000ea2  0003f15e  R  X
  SRAM                  20000000   00008000  00000248  00007db8  RW X


SEGMENT ALLOCATION MAP

run origin  load origin   length   init length attrs members
----------  ----------- ---------- ----------- ----- -------
00000000    00000000    00000ea8   00000ea8    r-x
  00000000    00000000    0000026c   0000026c    r-- .intvecs
  0000026c    0000026c    00000af2   00000af2    r-x .text
  00000d60    00000d60    000000fc   000000fc    r-- .const
  00000e60    00000e60    00000048   00000048    r-- .cinit
20000000    20000000    00000248   00000000    rw-
  20000000    20000000    00000200   00000000    rw- .stack
  20000200    20000200    00000040   00000000    rw- .data
  20000240    20000240    00000008   00000000    rw- .bss


SECTION ALLOCATION MAP

 output                                  attributes/
section   page    origin      length       input sections
--------  ----  ----------  ----------   ----------------
.intvecs   0    00000000    0000026c     
                  00000000    0000026c     tm4c123gh6pm_startup_ccs.obj (.intvecs)

.text      0    0000026c    00000af2     
                  0000026c    00000484     main.obj (.text)
                  000006f0    00000132     driverlib.lib : gpio.obj (.text:GPIOPadConfigSet)
                  00000822    00000002     --HOLE-- [fill = 0]
                  00000824    00000110                   : sysctl.obj (.text:SysCtlClockGet)
                  00000934    000000f4                   : sysctl.obj (.text:SysCtlClockSet)
                  00000a28    0000009c     rtsv7M4_T_le_v4SPD16_eabi.lib : memcpy_t2.asm.obj (.text)
                  00000ac4    00000068                                   : copy_decompress_lzss.c.obj (.text:decompress:lzss:__TI_decompress_lzss)
                  00000b2c    00000048     driverlib.lib : gpio.obj (.text:GPIOPinConfigure)
                  00000b74    00000046                   : uart.obj (.text:UARTConfigSetExpClk)
                  00000bba    00000002     --HOLE-- [fill = 0]
                  00000bbc    00000044     rtsv7M4_T_le_v4SPD16_eabi.lib : autoinit.c.obj (.text:__TI_auto_init_nobinit_nopinit:__TI_auto_init_nobinit_nopinit)
                  00000c00    00000034     driverlib.lib : sysctl.obj (.text:SysCtlPeripheralEnable)
                  00000c34    00000034     rtsv7M4_T_le_v4SPD16_eabi.lib : boot_cortex_m.c.obj (.text:_c_int00_noargs:_c_int00_noargs)
                  00000c68    0000002a     driverlib.lib : gpio.obj (.text:GPIODirModeSet)
                  00000c92    00000002     --HOLE-- [fill = 0]
                  00000c94    00000020                   : uart.obj (.text:UARTDisable)
                  00000cb4    0000001c     rtsv7M4_T_le_v4SPD16_eabi.lib : copy_zero_init.c.obj (.text:decompress:ZI:__TI_zero_init_nomemset:__TI_zero_init_nomemset)
                  00000cd0    00000018     driverlib.lib : gpio.obj (.text:GPIOPinTypeGPIOOutput)
                  00000ce8    00000014                   : uart.obj (.text:UARTEnable)
                  00000cfc    00000012                   : gpio.obj (.text:GPIOPinTypeGPIOInput)
                  00000d0e    00000012                   : gpio.obj (.text:GPIOPinTypeUART)
                  00000d20    0000000e     rtsv7M4_T_le_v4SPD16_eabi.lib : copy_decompress_none.c.obj (.text:decompress:none:__TI_decompress_none)
                  00000d2e    0000000c     tm4c123gh6pm_startup_ccs.obj (.text)
                  00000d3a    0000000a     driverlib.lib : uart.obj (.text:UARTCharPut)
                  00000d44    00000006                   : gpio.obj (.text:GPIOPinRead)
                  00000d4a    00000006                   : gpio.obj (.text:GPIOPinWrite)
                  00000d50    00000006                   : sysctl.obj (.text:SysCtlDelay)
                  00000d56    00000004     rtsv7M4_T_le_v4SPD16_eabi.lib : pre_init.c.obj (.text:_system_pre_init)
                  00000d5a    00000004                                   : exit.c.obj (.text:abort:abort)

.const     0    00000d60    000000fc     
                  00000d60    00000090     driverlib.lib : gpio.obj (.const:g_pui32GPIOBaseAddrs)
                  00000df0    0000006c                   : sysctl.obj (.const:g_pui32Xtals)

.cinit     0    00000e60    00000048     
                  00000e60    00000021     (.cinit..data.load) [load image, compression = lzss]
                  00000e81    00000003     --HOLE-- [fill = 0]
                  00000e84    0000000c     (__TI_handler_table)
                  00000e90    00000008     (.cinit..bss.load) [load image, compression = zero_init]
                  00000e98    00000010     (__TI_cinit_table)

.init_array 
*          0    00000000    00000000     UNINITIALIZED

.data      0    20000200    00000040     UNINITIALIZED
                  20000200    00000010     main.obj (.data:pushP)
                  20000210    00000010     main.obj (.data:pushV)
                  20000220    00000010     main.obj (.data:state)
                  20000230    00000010     main.obj (.data:stateantes)

.bss       0    20000240    00000008     UNINITIALIZED
                  20000240    00000004     (.common:parqueo)
                  20000244    00000004     (.common:suma)

.stack     0    20000000    00000200     UNINITIALIZED
                  20000000    00000004     rtsv7M4_T_le_v4SPD16_eabi.lib : boot_cortex_m.c.obj (.stack)
                  20000004    000001fc     --HOLE--

__llvm_prf_cnts 
*          0    20000000    00000000     UNINITIALIZED

MODULE SUMMARY

       Module                         code   ro data   rw data
       ------                         ----   -------   -------
    .\
       main.obj                       1156   0         72     
       tm4c123gh6pm_startup_ccs.obj   12     620       0      
    +--+------------------------------+------+---------+---------+
       Total:                         1168   620       72     
                                                              
    C:/ti/TivaWare_C_Series-2.1.4.178/driverlib/ccs/Debug/driverlib.lib
       sysctl.obj                     574    108       0      
       gpio.obj                       492    144       0      
       uart.obj                       132    0         0      
    +--+------------------------------+------+---------+---------+
       Total:                         1198   252       0      
                                                              
    C:\ti\ccs1031\ccs\tools\compiler\ti-cgt-arm_20.2.5.LTS\lib\rtsv7M4_T_le_v4SPD16_eabi.lib
       memcpy_t2.asm.obj              156    0         0      
       copy_decompress_lzss.c.obj     104    0         0      
       autoinit.c.obj                 68     0         0      
       boot_cortex_m.c.obj            52     0         0      
       copy_zero_init.c.obj           28     0         0      
       copy_decompress_none.c.obj     14     0         0      
       exit.c.obj                     4      0         0      
       pre_init.c.obj                 4      0         0      
    +--+------------------------------+------+---------+---------+
       Total:                         430    0         0      
                                                              
       Stack:                         0      0         512    
       Linker Generated:              0      69        0      
    +--+------------------------------+------+---------+---------+
       Grand Total:                   2796   941       584    


LINKER GENERATED COPY TABLES

__TI_cinit_table @ 00000e98 records: 2, size/record: 8, table size: 16
	.data: load addr=00000e60, load size=00000021 bytes, run addr=20000200, run size=00000040 bytes, compression=lzss
	.bss: load addr=00000e90, load size=00000008 bytes, run addr=20000240, run size=00000008 bytes, compression=zero_init


LINKER GENERATED HANDLER TABLE

__TI_handler_table @ 00000e84 records: 3, size/record: 4, table size: 12
	index: 0, handler: __TI_decompress_lzss
	index: 1, handler: __TI_decompress_none
	index: 2, handler: __TI_zero_init


GLOBAL SYMBOLS: SORTED ALPHABETICALLY BY Name 

address   name                          
-------   ----                          
00000d5b  C$$EXIT                       
000005b1  Display                       
00000c69  GPIODirModeSet                
000006f1  GPIOPadConfigSet              
00000b2d  GPIOPinConfigure              
00000d45  GPIOPinRead                   
00000cfd  GPIOPinTypeGPIOInput          
00000cd1  GPIOPinTypeGPIOOutput         
00000d0f  GPIOPinTypeUART               
00000d4b  GPIOPinWrite                  
0000043d  Parqueos                      
00000d2f  ResetISR                      
00000825  SysCtlClockGet                
00000935  SysCtlClockSet                
00000d51  SysCtlDelay                   
00000c01  SysCtlPeripheralEnable        
00000d3b  UARTCharPut                   
00000b75  UARTConfigSetExpClk           
00000c95  UARTDisable                   
00000ce9  UARTEnable                    
00000401  UART_Config                   
20000200  __STACK_END                   
00000200  __STACK_SIZE                  
20000200  __STACK_TOP                   
00000e98  __TI_CINIT_Base               
00000ea8  __TI_CINIT_Limit              
00000e84  __TI_Handler_Table_Base       
00000e90  __TI_Handler_Table_Limit      
00000bbd  __TI_auto_init_nobinit_nopinit
00000ac5  __TI_decompress_lzss          
00000d21  __TI_decompress_none          
ffffffff  __TI_pprof_out_hndl           
ffffffff  __TI_prof_data_size           
ffffffff  __TI_prof_data_start          
00000000  __TI_static_base__            
00000cb5  __TI_zero_init_nomemset       
00000a29  __aeabi_memcpy                
00000a29  __aeabi_memcpy4               
00000a29  __aeabi_memcpy8               
ffffffff  __binit__                     
ffffffff  __c_args__                    
UNDEFED   __mpu_init                    
20000000  __stack                       
20000000  __start___llvm_prf_cnts       
20000000  __stop___llvm_prf_cnts        
00000c35  _c_int00_noargs               
UNDEFED   _system_post_cinit            
00000d57  _system_pre_init              
00000d5b  abort                         
ffffffff  binit                         
00000000  g_pfnVectors                  
0000026d  main                          
00000a29  memcpy                        
20000240  parqueo                       
20000200  pushP                         
20000210  pushV                         
20000220  state                         
20000230  stateantes                    
20000244  suma                          


GLOBAL SYMBOLS: SORTED BY Symbol Address 

address   name                          
-------   ----                          
00000000  __TI_static_base__            
00000000  g_pfnVectors                  
00000200  __STACK_SIZE                  
0000026d  main                          
00000401  UART_Config                   
0000043d  Parqueos                      
000005b1  Display                       
000006f1  GPIOPadConfigSet              
00000825  SysCtlClockGet                
00000935  SysCtlClockSet                
00000a29  __aeabi_memcpy                
00000a29  __aeabi_memcpy4               
00000a29  __aeabi_memcpy8               
00000a29  memcpy                        
00000ac5  __TI_decompress_lzss          
00000b2d  GPIOPinConfigure              
00000b75  UARTConfigSetExpClk           
00000bbd  __TI_auto_init_nobinit_nopinit
00000c01  SysCtlPeripheralEnable        
00000c35  _c_int00_noargs               
00000c69  GPIODirModeSet                
00000c95  UARTDisable                   
00000cb5  __TI_zero_init_nomemset       
00000cd1  GPIOPinTypeGPIOOutput         
00000ce9  UARTEnable                    
00000cfd  GPIOPinTypeGPIOInput          
00000d0f  GPIOPinTypeUART               
00000d21  __TI_decompress_none          
00000d2f  ResetISR                      
00000d3b  UARTCharPut                   
00000d45  GPIOPinRead                   
00000d4b  GPIOPinWrite                  
00000d51  SysCtlDelay                   
00000d57  _system_pre_init              
00000d5b  C$$EXIT                       
00000d5b  abort                         
00000e84  __TI_Handler_Table_Base       
00000e90  __TI_Handler_Table_Limit      
00000e98  __TI_CINIT_Base               
00000ea8  __TI_CINIT_Limit              
20000000  __stack                       
20000000  __start___llvm_prf_cnts       
20000000  __stop___llvm_prf_cnts        
20000200  __STACK_END                   
20000200  __STACK_TOP                   
20000200  pushP                         
20000210  pushV                         
20000220  state                         
20000230  stateantes                    
20000240  parqueo                       
20000244  suma                          
ffffffff  __TI_pprof_out_hndl           
ffffffff  __TI_prof_data_size           
ffffffff  __TI_prof_data_start          
ffffffff  __binit__                     
ffffffff  __c_args__                    
ffffffff  binit                         
UNDEFED   __mpu_init                    
UNDEFED   _system_post_cinit            

[59 symbols]
